../Core/Inc/FirmwareStruct.h:20:9:uint8_t gencrc(void*, size_t)	32	static
../Core/Inc/FirmwareStruct.h:36:9:uint8_t calc_crc_header(FirmwareHeader*)	16	static
../Core/Inc/FirmwareStruct.h:41:6:bool check_crc_header(FirmwareHeader*)	16	static
../Core/Src/main.cpp:59:6:void AppStart()	24	static,ignoring_inline_asm
../Core/Src/main.cpp:71:16:int _write(int, char*, int)	24	static
../Core/Src/main.cpp:76:6:void dump(uint8_t*, int)	24	static
../Core/Src/main.cpp:85:10:uint64_t conv_4byte_ptr_to_u64(uint8_t*)	80	static
../Core/Src/main.cpp:94:6:bool is_big_endian()	16	static
../Core/Src/main.cpp:103:6:bool clear_memory(uint32_t)	24	static
../Core/Src/main.cpp:116:6:bool get_header(FirmwareHeader*)	16	static
../Core/Src/main.cpp:131:5:int main()	64	static
../Core/Src/main.cpp:295:6:void SystemClock_Config()	160	static
../Core/Src/main.cpp:342:13:void MX_USART2_UART_Init()	8	static
../Core/Src/main.cpp:377:13:void MX_GPIO_Init()	48	static
../Core/Src/main.cpp:413:6:void Error_Handler()	4	static,ignoring_inline_asm
